aframe-capture session 20260702-080734
target: /dev/cu.usbserial-0001
output: captures/20260702-080734

== GetVersion
  VER.2.00-BLD.001 2019/02/28 17:58:50
== Enter external edit mode
== Probe instrument parameters (algo 0)
=== INST algo=0 prm_num=79 tone=SnappyFramey
  I  0 =     40 | ?Bf:SnappyFramey | Main In:C60/E40?
  I  1 =      3 | ?Bf:SnappyFramey | MainOvt:BesselM0
  I  2 =     15 | ?Bf:SnappyFramey | MainHrmNo.:15?  
  I  3 =     30 | ?Bf:SnappyFramey | MainTune:   30Hz
  I  4 =     40 | ?Bf:SnappyFramey | MainDcay: 4.0sec
  I  5 =     13 | ?Bf:SnappyFramey | Main HFD:+0.13? 
  I  6 =     90 | ?Bf:SnappyFramey | Main DQM: 90?   
  I  7 =    -12 | ?Bf:SnappyFramey | Main DFM: -12?  
  I  8 =      8 | ?Bf:SnappyFramey | Main PFM:  +8?  
  I  9 =      0 | ?Bf:SnappyFramey | MainSC:OFF      
  I 10 =     65 | ?Bf:SnappyFramey | MainMute:+64?   
  I 11 =      0 | ?Bf:SnappyFramey | Main OD:  +0?   
  I 12 =    100 | ?Bf:SnappyFramey | Sub In:C0/E100? 
  I 13 =      9 | ?Bf:SnappyFramey | Sub Ovt:BesselM6
  I 14 =     17 | ?Bf:SnappyFramey | Sub HrmNo.:17?  
  I 15 =     64 | ?Bf:SnappyFramey | Sub Tune:   64Hz
  I 16 =   3000 | ?Bf:SnappyFramey | Sub Dcay:3000ms?
  I 17 =     90 | ?Bf:SnappyFramey | Sub HFD:+0.90?  
  I 18 =     65 | ?Bf:SnappyFramey | Sub DQM: 65?    
  I 19 =     -3 | ?Bf:SnappyFramey | Sub DFM:  -3?   
  I 20 =      8 | ?Bf:SnappyFramey | Sub PFM:  +8?   
  I 21 =      0 | ?Bf:SnappyFramey | Sub SC:OFF      
  I 22 =      1 | ?Bf:SnappyFramey | Sub Mute:ON(30)?
  I 23 =      0 | ?Bf:SnappyFramey | Sub OD:  +0?    
  I 24 =      0 | ?Bf:SnappyFramey | Sub Delay:  0ms?
  I 25 =      1 | ?Bf:SnappyFramey | Sub D.Tap:  1?  
  I 26 =     95 | ?Bf:SnappyFramey | Xtra In:C05/E95?
  I 27 =      2 | ?Bf:SnappyFramey | XtraType:HPF Nz 
  I 28 =   2520 | ?Bf:SnappyFramey | XtraTune: 2520Hz
  I 29 =    290 | ?Bf:SnappyFramey | XtraDcay: 290ms?
  I 30 =     10 | ?Bf:SnappyFramey | XtraHold:  10ms?
  I 31 =    120 | ?Bf:SnappyFramey | XtraFltQ:12.0?  
  I 32 =     20 | ?Bf:SnappyFramey | Xtra DQM: 20?   
  I 33 =     10 | ?Bf:SnappyFramey | Xtra DFM: +10?  
  I 34 =      0 | ?Bf:SnappyFramey | Xtra PFM:  +0?  
  I 35 =    -90 | ?Bf:SnappyFramey | XtraMute:-90?   
  I 36 =      0 | ?Bf:SnappyFramey | XtraDelay:  0ms?
  I 37 =      7 | ?Bf:SnappyFramey | XtraD.Tap:+7?   
  I 38 =    100 | ?Bf:SnappyFramey | DryC.EqF:  100Hz
  I 39 =      0 | ?Bf:SnappyFramey | DryC.EqG: +0.0dB
  I 40 =     10 | ?Bf:SnappyFramey | DryC.EqQ: 1.0?  
  I 41 =   5000 | ?Bf:SnappyFramey | DryE.EqF: 5000Hz
  I 42 =    130 | ?Bf:SnappyFramey | DryE.EqG:+13.0dB
  I 43 =     15 | ?Bf:SnappyFramey | DryE.EqQ: 1.5?  
  I 44 =    840 | ?Bf:SnappyFramey | CentrLPF:  840Hz
  I 45 =    500 | ?Bf:SnappyFramey | Edge HPF:  500Hz
  I 46 =     30 | ?Bf:SnappyFramey | Mute Sens: 30?  
  I 47 =     90 | ?Bf:SnappyFramey | Mute Mask: 90ms?
  I 48 =     81 | ?Bf:SnappyFramey | Mute Dcay: 81?  
  I 49 =      4 | ?Bf:SnappyFramey | Bend Curve:A4?  
  I 50 =     64 | ?Bf:SnappyFramey | MixMainPan:C00--
  I 51 =     64 | ?Bf:SnappyFramey | MixSub Pan:C00--
  I 52 =     64 | ?Bf:SnappyFramey | MixXtraPan:C00--
  I 53 =     64 | ?Bf:SnappyFramey | MixDryCPan:C00? 
  I 54 =     64 | ?Bf:SnappyFramey | MixDryEPan:C00? 
  I 55 =    100 | ?Bf:SnappyFramey | MixMainLev:100--
  I 56 =     75 | ?Bf:SnappyFramey | MixSub Lev: 75--
  I 57 =     90 | ?Bf:SnappyFramey | MixXtraLev: 90--
  I 58 =     50 | ?Bf:SnappyFramey | MixDryCLev: 50? 
  I 59 =     70 | ?Bf:SnappyFramey | MixDryELev: 70? 
  I 60 =     80 | ?Bf:SnappyFramey | MixMainSnd: 80M+
  I 61 =    100 | ?Bf:SnappyFramey | MixSub Snd:100M+
  I 62 =    100 | ?Bf:SnappyFramey | MixXtraSnd:100M+
  I 63 =    100 | ?Bf:SnappyFramey | MixDryCSnd:100M+
  I 64 =    100 | ?Bf:SnappyFramey | MixDryESnd:100M+
  I 65 =    100 | ?Bf:SnappyFramey | MixMasterLev:100
  I 66 =     64 | ?Bf:SnappyFramey | MixMasterBal:C00
  I 67 =      0 | ?Bf:SnappyFramey | XtraD.Fluct:  0?
  I 68 =      0 | ?Bf:SnappyFramey | XtraD.Atck:  0ms
  I 69 =     50 | ?Bf:SnappyFramey | XtraD.Dcay: 50ms
  I 70 =      1 | ?Bf:SnappyFramey | XtraJxF.Type:HPF
  I 71 =   -100 | ?Bf:SnappyFramey | XtraJxFR: 1.00? 
  I 72 =   -150 | ?Bf:SnappyFramey | XtraJxMR: 1.50? 
  I 73 =      0 | ?Bf:SnappyFramey | XtraJxXFMod:+0? 
  I 74 =    100 | ?Bf:SnappyFramey | XtraJxCarLev:100
  I 75 =    100 | ?Bf:SnappyFramey | XtraJxModLev:100
  I 76 =      0 | ?Bf:SnappyFramey | XtraJxRingLv:  0
  I 77 =      0 | ?Bf:SnappyFramey | XtraSC:OFF      
  I 78 =      0 | ?Bf:SnappyFramey | XtraBoost:  0?  
== Probe effect parameters (algos 1-9)
  algorithm coverage: [1, 2, 3, 4, 5, 6, 7, 8, 9]
=== FX1 algo=1 prm_num=23 tone=SnapFrameRev
  F  0 =     10 | ?Bf:SnapFrameRev | Time:?  1.0sec? 
  F  1 =     25 | ?Bf:SnapFrameRev | Pre Delay: 25ms?
  F  2 =     70 | ?Bf:SnapFrameRev | ER Dens: 70?    
  F  3 =     90 | ?Bf:SnapFrameRev | Rev Dens: 90?   
  F  4 =    100 | ?Bf:SnapFrameRev | HF Damp:1.00?   
  F  5 =    100 | ?Bf:SnapFrameRev | Pan Spread:100? 
  F  6 =     40 | ?Bf:SnapFrameRev | ER Level: 40?   
  F  7 =    100 | ?Bf:SnapFrameRev | Rev Level:100?  
  F  8 =     10 | ?Bf:SnapFrameRev | Wet Level: 10?  
  F  9 =    100 | ?Bf:SnapFrameRev | Dry Level:100?  
  F 10 =      0 | ?Bf:SnapFrameRev | PressMode:OFF?  
  F 11 =     50 | ?Bf:SnapFrameRev | PressSens: 50?  
  F 12 =    100 | ?Bf:SnapFrameRev | PressAtck: 100ms
  F 13 =    100 | ?Bf:SnapFrameRev | PressRele: 100ms
  F 14 =      1 | ?Bf:SnapFrameRev | Reverb Sw:ON?   
  F 15 =      0 | ?Bf:SnapFrameRev | FxMtrx:Snd/Rtn? 
  F 16 =      1 | ?Bf:SnapFrameRev | Comp Sw:ON?     
  F 17 =    -15 | ?Bf:SnapFrameRev | CompThrs: -1.5dB
  F 18 =     10 | ?Bf:SnapFrameRev | CompRatio:  2:1?
  F 19 =      1 | ?Bf:SnapFrameRev | CompKnee:SOFT1? 
  F 20 =      0 | ?Bf:SnapFrameRev | CompAtck:  0.0ms
  F 21 =    300 | ?Bf:SnapFrameRev | CompRele:  300ms
  F 22 =      0 | ?Bf:SnapFrameRev | CompGain: +0.0dB
=== FX2 algo=2 prm_num=26 tone=TuTuDrmDly
  F  0 =      0 | ?Bf:TuTuDrmDly   | Type:Stereo In? 
  F  1 =    420 | ?Bf:TuTuDrmDly   | Time L:  42.0ms?
  F  2 =    280 | ?Bf:TuTuDrmDly   | Time R:  28.0ms?
  F  3 =     50 | ?Bf:TuTuDrmDly   | Feedback: 50?   
  F  4 =    100 | ?Bf:TuTuDrmDly   | HF Damp:1.00?   
  F  5 =    100 | ?Bf:TuTuDrmDly   | Pan Spread:100? 
  F  6 =     28 | ?Bf:TuTuDrmDly   | Wet Level: 28?  
  F  7 =    100 | ?Bf:TuTuDrmDly   | Dry Level:100?  
  F  8 =     10 | ?Bf:TuTuDrmDly   | Mod Rate: 1.0Hz?
  F  9 =     20 | ?Bf:TuTuDrmDly   | Mod Depth: 20?  
  F 10 =    180 | ?Bf:TuTuDrmDly   | Mod Phase:180deg
  F 11 =      4 | ?Bf:TuTuDrmDly   | PressMode:SPREAD
  F 12 =     50 | ?Bf:TuTuDrmDly   | PressSens: 50?  
  F 13 =    100 | ?Bf:TuTuDrmDly   | PressAtck: 100ms
  F 14 =    100 | ?Bf:TuTuDrmDly   | PressRele: 100ms
  F 15 =      1 | ?Bf:TuTuDrmDly   | Delay Sw:ON?    
  F 16 =      0 | ?Bf:TuTuDrmDly   | FxMtrx:Snd/Rtn? 
  F 17 =      4 | ?Bf:TuTuDrmDly   | AmbienceType:D? 
  F 18 =     16 | ?Bf:TuTuDrmDly   | Ambience Lev: 16
  F 19 =      1 | ?Bf:TuTuDrmDly   | Comp Sw:ON?     
  F 20 =    -80 | ?Bf:TuTuDrmDly   | CompThrs: -8.0dB
  F 21 =     10 | ?Bf:TuTuDrmDly   | CompRatio:  2:1?
  F 22 =      0 | ?Bf:TuTuDrmDly   | CompKnee:HARD?  
  F 23 =     20 | ?Bf:TuTuDrmDly   | CompAtck:  2.0ms
  F 24 =     90 | ?Bf:TuTuDrmDly   | CompRele:   90ms
  F 25 =     15 | ?Bf:TuTuDrmDly   | CompGain: +1.5dB
=== FX3 algo=3 prm_num=19 tone=CanterbryCho
  F  0 =      3 | ?Bf:CanterbryCho | Type:3PHASE XMIX
  F  1 =      6 | ?Bf:CanterbryCho | Mod Rate: 0.6Hz?
  F  2 =    100 | ?Bf:CanterbryCho | Mod Depth:100?  
  F  3 =    180 | ?Bf:CanterbryCho | Mod Phase:180?  
  F  4 =    500 | ?Bf:CanterbryCho | Wet HPF:  500Hz?
  F  5 =   7551 | ?Bf:CanterbryCho | Wet LPF: 7551Hz?
  F  6 =    100 | ?Bf:CanterbryCho | Wet Level:100?  
  F  7 =     80 | ?Bf:CanterbryCho | Dry Level: 80?  
  F  8 =      1 | ?Bf:CanterbryCho | Chorus Sw:ON?   
  F  9 =      0 | ?Bf:CanterbryCho | FxMtrx:Snd/Rtn? 
  F 10 =      0 | ?Bf:CanterbryCho | AmbienceType:OFF
  F 11 =     70 | ?Bf:CanterbryCho | Ambience Lev: 70
  F 12 =      0 | ?Bf:CanterbryCho | Comp Sw:OFF?    
  F 13 =   -120 | ?Bf:CanterbryCho | CompThrs:-12.0dB
  F 14 =     10 | ?Bf:CanterbryCho | CompRatio:  2:1?
  F 15 =      1 | ?Bf:CanterbryCho | CompKnee:SOFT1? 
  F 16 =      0 | ?Bf:CanterbryCho | CompAtck:  0.0ms
  F 17 =    300 | ?Bf:CanterbryCho | CompRele:  300ms
  F 18 =      0 | ?Bf:CanterbryCho | CompGain: +0.0dB
=== FX4 algo=4 prm_num=21 tone=WormSwormFlg
  F  0 =     51 | ?Bf:WormSwormFlg |   RATE: 51?     
  F  1 =     55 | ?Bf:WormSwormFlg |  DEPTH: 55?     
  F  2 =     70 | ?Bf:WormSwormFlg | MANUAL: 70?     
  F  3 =     85 | ?Bf:WormSwormFlg |   RESO: 85?     
  F  4 =     40 | ?Bf:WormSwormFlg |    XFB: 40?     
  F  5 =    180 | ?Bf:WormSwormFlg | MOD PH:180?     
  F  6 =      2 | ?Bf:WormSwormFlg | PressMode:MANU++
  F  7 =     50 | ?Bf:WormSwormFlg | PressSens: 50?  
  F  8 =    100 | ?Bf:WormSwormFlg | PressAtck: 100ms
  F  9 =    100 | ?Bf:WormSwormFlg | PressRele: 100ms
  F 10 =      1 | ?Bf:WormSwormFlg | Flnager Sw:ON?  
  F 11 =      0 | ?Bf:WormSwormFlg | FxMtrx:Snd/Rtn? 
  F 12 =      0 | ?Bf:WormSwormFlg | AmbienceType:OFF
  F 13 =     70 | ?Bf:WormSwormFlg | Ambience Lev: 70
  F 14 =      0 | ?Bf:WormSwormFlg | Comp Sw:OFF?    
  F 15 =   -120 | ?Bf:WormSwormFlg | CompThrs:-12.0dB
  F 16 =     10 | ?Bf:WormSwormFlg | CompRatio:  2:1?
  F 17 =      1 | ?Bf:WormSwormFlg | CompKnee:SOFT1? 
  F 18 =      0 | ?Bf:WormSwormFlg | CompAtck:  0.0ms
  F 19 =    300 | ?Bf:WormSwormFlg | CompRele:  300ms
  F 20 =      0 | ?Bf:WormSwormFlg | CompGain: +0.0dB
=== FX5 algo=5 prm_num=22 tone=SequentialPh
  F  0 =     50 | ?Bf:SequentialPh |   RATE: 50?     
  F  1 =     45 | ?Bf:SequentialPh |  DEPTH: 45?     
  F  2 =     50 | ?Bf:SequentialPh | MANUAL: 50?     
  F  3 =     80 | ?Bf:SequentialPh |   RESO: 80?     
  F  4 =     20 | ?Bf:SequentialPh |    XFB: 20?     
  F  5 =    180 | ?Bf:SequentialPh | MOD_PH:180?     
  F  6 =      4 | ?Bf:SequentialPh |  STAGE:4?       
  F  7 =      0 | ?Bf:SequentialPh | PressMode:OFF?  
  F  8 =     50 | ?Bf:SequentialPh | PressSens: 50?  
  F  9 =    100 | ?Bf:SequentialPh | PressAtck: 100ms
  F 10 =    100 | ?Bf:SequentialPh | PressRele: 100ms
  F 11 =      1 | ?Bf:SequentialPh | Phaser Sw:ON?   
  F 12 =      0 | ?Bf:SequentialPh | FxMtrx:Snd/Rtn? 
  F 13 =      0 | ?Bf:SequentialPh | AmbienceType:OFF
  F 14 =     70 | ?Bf:SequentialPh | Ambience Lev: 70
  F 15 =      1 | ?Bf:SequentialPh | Comp Sw:ON?     
  F 16 =   -120 | ?Bf:SequentialPh | CompThrs:-12.0dB
  F 17 =     10 | ?Bf:SequentialPh | CompRatio:  2:1?
  F 18 =      1 | ?Bf:SequentialPh | CompKnee:SOFT1? 
  F 19 =      0 | ?Bf:SequentialPh | CompAtck:  0.0ms
  F 20 =    300 | ?Bf:SequentialPh | CompRele:  300ms
  F 21 =      0 | ?Bf:SequentialPh | CompGain: +0.0dB
=== FX6 algo=6 prm_num=20 tone=GummyWh/Wah
  F  0 =      0 | ?Bf:GummyWh/Wah  | Type:CRYBABY?   
  F  1 =     80 | ?Bf:GummyWh/Wah  | Manual Freq: 80?
  F  2 =    250 | ?Bf:GummyWh/Wah  | Freq Min: 250Hz?
  F  3 =   3150 | ?Bf:GummyWh/Wah  | Freq Max:3150Hz?
  F  4 =    200 | ?Bf:GummyWh/Wah  | Filter Q:20.0?  
  F  5 =      1 | ?Bf:GummyWh/Wah  | PressSw:ON?     
  F  6 =     70 | ?Bf:GummyWh/Wah  | PressSens: 70?  
  F  7 =     40 | ?Bf:GummyWh/Wah  | PressAtck:  40ms
  F  8 =     80 | ?Bf:GummyWh/Wah  | PressRele:  80ms
  F  9 =      1 | ?Bf:GummyWh/Wah  | Wah Sw:ON?      
  F 10 =      1 | ?Bf:GummyWh/Wah  | FxMtrx:MasterIns
  F 11 =      0 | ?Bf:GummyWh/Wah  | AmbienceType:OFF
  F 12 =     70 | ?Bf:GummyWh/Wah  | Ambience Lev: 70
  F 13 =      0 | ?Bf:GummyWh/Wah  | Comp Sw:OFF?    
  F 14 =   -120 | ?Bf:GummyWh/Wah  | CompThrs:-12.0dB
  F 15 =     10 | ?Bf:GummyWh/Wah  | CompRatio:  2:1?
  F 16 =      1 | ?Bf:GummyWh/Wah  | CompKnee:SOFT1? 
  F 17 =      0 | ?Bf:GummyWh/Wah  | CompAtck:  0.0ms
  F 18 =    300 | ?Bf:GummyWh/Wah  | CompRele:  300ms
  F 19 =      0 | ?Bf:GummyWh/Wah  | CompGain: +0.0dB
=== FX7 algo=7 prm_num=51 tone=AquaFrstTDLY
  F  0 =   2000 | ?Bf:AquaFrstTDLY | Time 1 : 200.0ms
  F  1 =   2600 | ?Bf:AquaFrstTDLY | Time 2 : 260.0ms
  F  2 =   3200 | ?Bf:AquaFrstTDLY | Time 3 : 320.0ms
  F  3 =   4500 | ?Bf:AquaFrstTDLY | Time 4 : 450.0ms
  F  4 =   5700 | ?Bf:AquaFrstTDLY | Time 5 : 570.0ms
  F  5 =   6500 | ?Bf:AquaFrstTDLY | Time 6 : 650.0ms
  F  6 =   7600 | ?Bf:AquaFrstTDLY | Time 7 : 760.0ms
  F  7 =   8900 | ?Bf:AquaFrstTDLY | Time 8 : 890.0ms
  F  8 =   9900 | ?Bf:AquaFrstTDLY | Time 9 : 990.0ms
  F  9 =  11000 | ?Bf:AquaFrstTDLY | Time 10:1100.0ms
  F 10 =   5000 | ?Bf:AquaFrstTDLY | Time FB: 500.0ms
  F 11 =     48 | ?Bf:AquaFrstTDLY | Lev 1 : 48?     
  F 12 =     60 | ?Bf:AquaFrstTDLY | Lev 2 : 60?     
  F 13 =     54 | ?Bf:AquaFrstTDLY | Lev 3 : 54?     
  F 14 =     51 | ?Bf:AquaFrstTDLY | Lev 4 : 51?     
  F 15 =     45 | ?Bf:AquaFrstTDLY | Lev 5 : 45?     
  F 16 =     46 | ?Bf:AquaFrstTDLY | Lev 6 : 46?     
  F 17 =     41 | ?Bf:AquaFrstTDLY | Lev 7 : 41?     
  F 18 =     40 | ?Bf:AquaFrstTDLY | Lev 8 : 40?     
  F 19 =     30 | ?Bf:AquaFrstTDLY | Lev 9 : 30?     
  F 20 =     30 | ?Bf:AquaFrstTDLY | Lev 10: 30?     
  F 21 =     49 | ?Bf:AquaFrstTDLY | Pan 1 :L15?     
  F 22 =     79 | ?Bf:AquaFrstTDLY | Pan 2 :R15?     
  F 23 =     36 | ?Bf:AquaFrstTDLY | Pan 3 :L28?     
  F 24 =     92 | ?Bf:AquaFrstTDLY | Pan 4 :R28?     
  F 25 =     24 | ?Bf:AquaFrstTDLY | Pan 5 :L40?     
  F 26 =    104 | ?Bf:AquaFrstTDLY | Pan 6 :R40?     
  F 27 =     14 | ?Bf:AquaFrstTDLY | Pan 7 :L50?     
  F 28 =    114 | ?Bf:AquaFrstTDLY | Pan 8 :R50?     
  F 29 =      1 | ?Bf:AquaFrstTDLY | Pan 9 :L63?     
  F 30 =    127 | ?Bf:AquaFrstTDLY | Pan 10:R63?     
  F 31 =     65 | ?Bf:AquaFrstTDLY | Feedback: 65?   
  F 32 =     60 | ?Bf:AquaFrstTDLY | HF Damp:0.60?   
  F 33 =    100 | ?Bf:AquaFrstTDLY | Pan Spread:100? 
  F 34 =    100 | ?Bf:AquaFrstTDLY | Wet Level:100?  
  F 35 =     85 | ?Bf:AquaFrstTDLY | Dry Level: 85?  
  F 36 =      3 | ?Bf:AquaFrstTDLY | PressMode:SEND? 
  F 37 =     50 | ?Bf:AquaFrstTDLY | PressSens: 50?  
  F 38 =     50 | ?Bf:AquaFrstTDLY | PressAtck:  50ms
  F 39 =    500 | ?Bf:AquaFrstTDLY | PressRele: 500ms
  F 40 =      1 | ?Bf:AquaFrstTDLY | Delay Sw:ON?    
  F 41 =      0 | ?Bf:AquaFrstTDLY | FxMtrx:Snd/Rtn? 
  F 42 =      5 | ?Bf:AquaFrstTDLY | AmbienceType:E? 
  F 43 =     36 | ?Bf:AquaFrstTDLY | Ambience Lev: 36
  F 44 =      1 | ?Bf:AquaFrstTDLY | Comp Sw:ON?     
  F 45 =    -60 | ?Bf:AquaFrstTDLY | CompThrs: -6.0dB
  F 46 =     10 | ?Bf:AquaFrstTDLY | CompRatio:  2:1?
  F 47 =      1 | ?Bf:AquaFrstTDLY | CompKnee:SOFT1? 
  F 48 =      0 | ?Bf:AquaFrstTDLY | CompAtck:  0.0ms
  F 49 =    360 | ?Bf:AquaFrstTDLY | CompRele:  360ms
  F 50 =      0 | ?Bf:AquaFrstTDLY | CompGain: +0.0dB
=== FX8 algo=8 prm_num=22 tone=SpaceRHypAsa
  F  0 =      0 | ?Bf:SpaceRHypAsa | Azimuth:  +0deg?
  F  1 =      1 | ?Bf:SpaceRHypAsa | AutoRevo:RIGHT? 
  F  2 =     18 | ?Bf:SpaceRHypAsa | RevoSpeed: 18rpm
  F  3 =      1 | ?Bf:SpaceRHypAsa | DlySw:ON?       
  F  4 =   4000 | ?Bf:SpaceRHypAsa | DlyTime: 400.0ms
  F  5 =     40 | ?Bf:SpaceRHypAsa | DlyFeedback: 40?
  F  6 =     53 | ?Bf:SpaceRHypAsa | DlyWetLev: 53?  
  F  7 =    100 | ?Bf:SpaceRHypAsa | DlyDryLev:100?  
  F  8 =      0 | ?Bf:SpaceRHypAsa | PressMode:OFF?  
  F  9 =     50 | ?Bf:SpaceRHypAsa | PressSens: 50?  
  F 10 =    100 | ?Bf:SpaceRHypAsa | PressAtck: 100ms
  F 11 =    100 | ?Bf:SpaceRHypAsa | PressRele: 100ms
  F 12 =      0 | ?Bf:SpaceRHypAsa | Phones:OFF?     
  F 13 =      1 | ?Bf:SpaceRHypAsa | SpaceR Sw:ON?   
  F 14 =      1 | ?Bf:SpaceRHypAsa | FxMtrx:MasterIns
  F 15 =      0 | ?Bf:SpaceRHypAsa | Comp Sw:OFF?    
  F 16 =   -120 | ?Bf:SpaceRHypAsa | CompThrs:-12.0dB
  F 17 =     10 | ?Bf:SpaceRHypAsa | CompRatio:  2:1?
  F 18 =      1 | ?Bf:SpaceRHypAsa | CompKnee:SOFT1? 
  F 19 =     50 | ?Bf:SpaceRHypAsa | CompAtck:  5.0ms
  F 20 =    300 | ?Bf:SpaceRHypAsa | CompRele:  300ms
  F 21 =      0 | ?Bf:SpaceRHypAsa | CompGain: +0.0dB
=== FX9 algo=9 prm_num=18 tone=SpaceZMadTem
  F  0 =     10 | ?Bf:SpaceZMadTem | Spread:10?      
  F  1 =      1 | ?Bf:SpaceZMadTem | DlySw:ON?       
  F  2 =   2500 | ?Bf:SpaceZMadTem | DTime L: 250.0ms
  F  3 =   5000 | ?Bf:SpaceZMadTem | DTime R: 500.0ms
  F  4 =   9000 | ?Bf:SpaceZMadTem | DTimeFB: 900.0ms
  F  5 =     36 | ?Bf:SpaceZMadTem | DlyFeedback: 36?
  F  6 =     25 | ?Bf:SpaceZMadTem | DlyWetLev: 25?  
  F  7 =    100 | ?Bf:SpaceZMadTem | DlyDryLev:100?  
  F  8 =      0 | ?Bf:SpaceZMadTem | Phones:OFF?     
  F  9 =      1 | ?Bf:SpaceZMadTem | SpaceZ Sw:ON?   
  F 10 =      1 | ?Bf:SpaceZMadTem | FxMtrx:MasterIns
  F 11 =      1 | ?Bf:SpaceZMadTem | Comp Sw:ON?     
  F 12 =   -120 | ?Bf:SpaceZMadTem | CompThrs:-12.0dB
  F 13 =     10 | ?Bf:SpaceZMadTem | CompRatio:  2:1?
  F 14 =      1 | ?Bf:SpaceZMadTem | CompKnee:SOFT1? 
  F 15 =     50 | ?Bf:SpaceZMadTem | CompAtck:  5.0ms
  F 16 =    300 | ?Bf:SpaceZMadTem | CompRele:  300ms
  F 17 =      0 | ?Bf:SpaceZMadTem | CompGain: +0.0dB
== Restore selections
  saved param_probe.txt (16090 bytes)
== Leave external edit mode
